// Jest Snapshot v1, https://goo.gl/fbAQLP

exports[`работа кнопки "Активные" 1`] = `
<div
  className="MobileCompany"
>
  <div
    className="MobileCompanySwitch"
  >
    <div
      className="MobileCompanyName"
    >
      Компания: «
      Velcom
      »
    </div>
  </div>
  <div
    className="MobileCompanyFilter"
  >
    <input
      className="show-all"
      onClick={[Function]}
      type="button"
      value="Все"
    />
    <input
      className="show-active"
      onClick={[Function]}
      type="button"
      value="Активные"
    />
    <input
      className="show-blocked"
      onClick={[Function]}
      type="button"
      value="Заблокированные"
    />
  </div>
  <div
    className="MobileCompanyClients"
  >
    <table
      className="MobileCompanyClientsTable"
    >
      <thead
        className="Table-header"
      >
        <tr>
          <th>
            Фамилия
          </th>
          <th>
            Имя
          </th>
          <th>
            Отчество
          </th>
          <th>
            Баланс
          </th>
          <th>
            Статус
          </th>
          <th>
            Редактировать
          </th>
          <th>
            Удалить
          </th>
        </tr>
      </thead>
      <tbody>
        <tr
          className="MobileClient"
        >
          <td
            className="MobileClientBalance"
          >
            Иванов
          </td>
          <td
            className="MobileClientFIO"
          >
            Иван
          </td>
          <td
            className="MobileClientBalance"
          >
            Иванович
          </td>
          <td
            className="MobileClientFIO"
          >
            200
          </td>
          <td
            className="MobileClientStatusactive"
          >
            active
          </td>
          <td
            className="MobileClientEditButton"
          >
            <input
              className="edit-button"
              disabled={undefined}
              onClick={[Function]}
              type="button"
              value="Редактировать"
            />
          </td>
          <td
            className="MobileClientDeleteButton"
          >
            <input
              className="delete-button"
              onClick={[Function]}
              type="button"
              value="Удалить"
            />
          </td>
        </tr>
        <tr
          className="MobileClient"
        >
          <td
            className="MobileClientBalance"
          >
            Сидоров
          </td>
          <td
            className="MobileClientFIO"
          >
            Сидор
          </td>
          <td
            className="MobileClientBalance"
          >
            Сидорович
          </td>
          <td
            className="MobileClientFIO"
          >
            250
          </td>
          <td
            className="MobileClientStatusactive"
          >
            active
          </td>
          <td
            className="MobileClientEditButton"
          >
            <input
              className="edit-button"
              disabled={undefined}
              onClick={[Function]}
              type="button"
              value="Редактировать"
            />
          </td>
          <td
            className="MobileClientDeleteButton"
          >
            <input
              className="delete-button"
              onClick={[Function]}
              type="button"
              value="Удалить"
            />
          </td>
        </tr>
        <tr
          className="MobileClient"
        >
          <td
            className="MobileClientBalance"
          >
            Петров
          </td>
          <td
            className="MobileClientFIO"
          >
            Петр
          </td>
          <td
            className="MobileClientBalance"
          >
            Петрович
          </td>
          <td
            className="MobileClientFIO"
          >
            180
          </td>
          <td
            className="MobileClientStatusactive"
          >
            active
          </td>
          <td
            className="MobileClientEditButton"
          >
            <input
              className="edit-button"
              disabled={undefined}
              onClick={[Function]}
              type="button"
              value="Редактировать"
            />
          </td>
          <td
            className="MobileClientDeleteButton"
          >
            <input
              className="delete-button"
              onClick={[Function]}
              type="button"
              value="Удалить"
            />
          </td>
        </tr>
        <tr
          className="MobileClient"
        >
          <td
            className="MobileClientBalance"
          >
            Григорьев
          </td>
          <td
            className="MobileClientFIO"
          >
            Григорий
          </td>
          <td
            className="MobileClientBalance"
          >
            Григорьевич
          </td>
          <td
            className="MobileClientFIO"
          >
            -220
          </td>
          <td
            className="MobileClientStatusblocked"
          >
            blocked
          </td>
          <td
            className="MobileClientEditButton"
          >
            <input
              className="edit-button"
              disabled={undefined}
              onClick={[Function]}
              type="button"
              value="Редактировать"
            />
          </td>
          <td
            className="MobileClientDeleteButton"
          >
            <input
              className="delete-button"
              onClick={[Function]}
              type="button"
              value="Удалить"
            />
          </td>
        </tr>
      </tbody>
    </table>
  </div>
  <div
    className="mobileCompanyAddClient"
  >
    <input
      className="addClient"
      onClick={[Function]}
      type="button"
      value="Добавить клиента"
    />
  </div>
</div>
`;

exports[`работа кнопки "Активные" 2`] = `
<div
  className="MobileCompany"
>
  <div
    className="MobileCompanySwitch"
  >
    <div
      className="MobileCompanyName"
    >
      Компания: «
      Velcom
      »
    </div>
  </div>
  <div
    className="MobileCompanyFilter"
  >
    <input
      className="show-all"
      onClick={[Function]}
      type="button"
      value="Все"
    />
    <input
      className="show-active"
      onClick={[Function]}
      type="button"
      value="Активные"
    />
    <input
      className="show-blocked"
      onClick={[Function]}
      type="button"
      value="Заблокированные"
    />
  </div>
  <div
    className="MobileCompanyClients"
  >
    <table
      className="MobileCompanyClientsTable"
    >
      <thead
        className="Table-header"
      >
        <tr>
          <th>
            Фамилия
          </th>
          <th>
            Имя
          </th>
          <th>
            Отчество
          </th>
          <th>
            Баланс
          </th>
          <th>
            Статус
          </th>
          <th>
            Редактировать
          </th>
          <th>
            Удалить
          </th>
        </tr>
      </thead>
      <tbody>
        <tr
          className="MobileClient"
        >
          <td
            className="MobileClientBalance"
          >
            Иванов
          </td>
          <td
            className="MobileClientFIO"
          >
            Иван
          </td>
          <td
            className="MobileClientBalance"
          >
            Иванович
          </td>
          <td
            className="MobileClientFIO"
          >
            200
          </td>
          <td
            className="MobileClientStatusactive"
          >
            active
          </td>
          <td
            className="MobileClientEditButton"
          >
            <input
              className="edit-button"
              disabled={undefined}
              onClick={[Function]}
              type="button"
              value="Редактировать"
            />
          </td>
          <td
            className="MobileClientDeleteButton"
          >
            <input
              className="delete-button"
              onClick={[Function]}
              type="button"
              value="Удалить"
            />
          </td>
        </tr>
        <tr
          className="MobileClient"
        >
          <td
            className="MobileClientBalance"
          >
            Сидоров
          </td>
          <td
            className="MobileClientFIO"
          >
            Сидор
          </td>
          <td
            className="MobileClientBalance"
          >
            Сидорович
          </td>
          <td
            className="MobileClientFIO"
          >
            250
          </td>
          <td
            className="MobileClientStatusactive"
          >
            active
          </td>
          <td
            className="MobileClientEditButton"
          >
            <input
              className="edit-button"
              disabled={undefined}
              onClick={[Function]}
              type="button"
              value="Редактировать"
            />
          </td>
          <td
            className="MobileClientDeleteButton"
          >
            <input
              className="delete-button"
              onClick={[Function]}
              type="button"
              value="Удалить"
            />
          </td>
        </tr>
        <tr
          className="MobileClient"
        >
          <td
            className="MobileClientBalance"
          >
            Петров
          </td>
          <td
            className="MobileClientFIO"
          >
            Петр
          </td>
          <td
            className="MobileClientBalance"
          >
            Петрович
          </td>
          <td
            className="MobileClientFIO"
          >
            180
          </td>
          <td
            className="MobileClientStatusactive"
          >
            active
          </td>
          <td
            className="MobileClientEditButton"
          >
            <input
              className="edit-button"
              disabled={undefined}
              onClick={[Function]}
              type="button"
              value="Редактировать"
            />
          </td>
          <td
            className="MobileClientDeleteButton"
          >
            <input
              className="delete-button"
              onClick={[Function]}
              type="button"
              value="Удалить"
            />
          </td>
        </tr>
      </tbody>
    </table>
  </div>
  <div
    className="mobileCompanyAddClient"
  >
    <input
      className="addClient"
      onClick={[Function]}
      type="button"
      value="Добавить клиента"
    />
  </div>
</div>
`;

exports[`работа кнопки "Активные" 3`] = `
<div
  className="MobileCompany"
>
  <div
    className="MobileCompanySwitch"
  >
    <div
      className="MobileCompanyName"
    >
      Компания: «
      Velcom
      »
    </div>
  </div>
  <div
    className="MobileCompanyFilter"
  >
    <input
      className="show-all"
      onClick={[Function]}
      type="button"
      value="Все"
    />
    <input
      className="show-active"
      onClick={[Function]}
      type="button"
      value="Активные"
    />
    <input
      className="show-blocked"
      onClick={[Function]}
      type="button"
      value="Заблокированные"
    />
  </div>
  <div
    className="MobileCompanyClients"
  >
    <table
      className="MobileCompanyClientsTable"
    >
      <thead
        className="Table-header"
      >
        <tr>
          <th>
            Фамилия
          </th>
          <th>
            Имя
          </th>
          <th>
            Отчество
          </th>
          <th>
            Баланс
          </th>
          <th>
            Статус
          </th>
          <th>
            Редактировать
          </th>
          <th>
            Удалить
          </th>
        </tr>
      </thead>
      <tbody>
        <tr
          className="MobileClient"
        >
          <td
            className="MobileClientBalance"
          >
            Иванов
          </td>
          <td
            className="MobileClientFIO"
          >
            Иван
          </td>
          <td
            className="MobileClientBalance"
          >
            Иванович
          </td>
          <td
            className="MobileClientFIO"
          >
            200
          </td>
          <td
            className="MobileClientStatusactive"
          >
            active
          </td>
          <td
            className="MobileClientEditButton"
          >
            <input
              className="edit-button"
              disabled={undefined}
              onClick={[Function]}
              type="button"
              value="Редактировать"
            />
          </td>
          <td
            className="MobileClientDeleteButton"
          >
            <input
              className="delete-button"
              onClick={[Function]}
              type="button"
              value="Удалить"
            />
          </td>
        </tr>
        <tr
          className="MobileClient"
        >
          <td
            className="MobileClientBalance"
          >
            Сидоров
          </td>
          <td
            className="MobileClientFIO"
          >
            Сидор
          </td>
          <td
            className="MobileClientBalance"
          >
            Сидорович
          </td>
          <td
            className="MobileClientFIO"
          >
            250
          </td>
          <td
            className="MobileClientStatusactive"
          >
            active
          </td>
          <td
            className="MobileClientEditButton"
          >
            <input
              className="edit-button"
              disabled={undefined}
              onClick={[Function]}
              type="button"
              value="Редактировать"
            />
          </td>
          <td
            className="MobileClientDeleteButton"
          >
            <input
              className="delete-button"
              onClick={[Function]}
              type="button"
              value="Удалить"
            />
          </td>
        </tr>
        <tr
          className="MobileClient"
        >
          <td
            className="MobileClientBalance"
          >
            Петров
          </td>
          <td
            className="MobileClientFIO"
          >
            Петр
          </td>
          <td
            className="MobileClientBalance"
          >
            Петрович
          </td>
          <td
            className="MobileClientFIO"
          >
            180
          </td>
          <td
            className="MobileClientStatusactive"
          >
            active
          </td>
          <td
            className="MobileClientEditButton"
          >
            <input
              className="edit-button"
              disabled={undefined}
              onClick={[Function]}
              type="button"
              value="Редактировать"
            />
          </td>
          <td
            className="MobileClientDeleteButton"
          >
            <input
              className="delete-button"
              onClick={[Function]}
              type="button"
              value="Удалить"
            />
          </td>
        </tr>
      </tbody>
    </table>
  </div>
  <div
    className="mobileCompanyAddClient"
  >
    <input
      className="addClient"
      onClick={[Function]}
      type="button"
      value="Добавить клиента"
    />
  </div>
</div>
`;

exports[`работа кнопки "Все" 1`] = `
<div
  className="MobileCompany"
>
  <div
    className="MobileCompanySwitch"
  >
    <div
      className="MobileCompanyName"
    >
      Компания: «
      Velcom
      »
    </div>
  </div>
  <div
    className="MobileCompanyFilter"
  >
    <input
      className="show-all"
      onClick={[Function]}
      type="button"
      value="Все"
    />
    <input
      className="show-active"
      onClick={[Function]}
      type="button"
      value="Активные"
    />
    <input
      className="show-blocked"
      onClick={[Function]}
      type="button"
      value="Заблокированные"
    />
  </div>
  <div
    className="MobileCompanyClients"
  >
    <table
      className="MobileCompanyClientsTable"
    >
      <thead
        className="Table-header"
      >
        <tr>
          <th>
            Фамилия
          </th>
          <th>
            Имя
          </th>
          <th>
            Отчество
          </th>
          <th>
            Баланс
          </th>
          <th>
            Статус
          </th>
          <th>
            Редактировать
          </th>
          <th>
            Удалить
          </th>
        </tr>
      </thead>
      <tbody>
        <tr
          className="MobileClient"
        >
          <td
            className="MobileClientBalance"
          >
            Иванов
          </td>
          <td
            className="MobileClientFIO"
          >
            Иван
          </td>
          <td
            className="MobileClientBalance"
          >
            Иванович
          </td>
          <td
            className="MobileClientFIO"
          >
            200
          </td>
          <td
            className="MobileClientStatusactive"
          >
            active
          </td>
          <td
            className="MobileClientEditButton"
          >
            <input
              className="edit-button"
              disabled={undefined}
              onClick={[Function]}
              type="button"
              value="Редактировать"
            />
          </td>
          <td
            className="MobileClientDeleteButton"
          >
            <input
              className="delete-button"
              onClick={[Function]}
              type="button"
              value="Удалить"
            />
          </td>
        </tr>
        <tr
          className="MobileClient"
        >
          <td
            className="MobileClientBalance"
          >
            Сидоров
          </td>
          <td
            className="MobileClientFIO"
          >
            Сидор
          </td>
          <td
            className="MobileClientBalance"
          >
            Сидорович
          </td>
          <td
            className="MobileClientFIO"
          >
            250
          </td>
          <td
            className="MobileClientStatusactive"
          >
            active
          </td>
          <td
            className="MobileClientEditButton"
          >
            <input
              className="edit-button"
              disabled={undefined}
              onClick={[Function]}
              type="button"
              value="Редактировать"
            />
          </td>
          <td
            className="MobileClientDeleteButton"
          >
            <input
              className="delete-button"
              onClick={[Function]}
              type="button"
              value="Удалить"
            />
          </td>
        </tr>
        <tr
          className="MobileClient"
        >
          <td
            className="MobileClientBalance"
          >
            Петров
          </td>
          <td
            className="MobileClientFIO"
          >
            Петр
          </td>
          <td
            className="MobileClientBalance"
          >
            Петрович
          </td>
          <td
            className="MobileClientFIO"
          >
            180
          </td>
          <td
            className="MobileClientStatusactive"
          >
            active
          </td>
          <td
            className="MobileClientEditButton"
          >
            <input
              className="edit-button"
              disabled={undefined}
              onClick={[Function]}
              type="button"
              value="Редактировать"
            />
          </td>
          <td
            className="MobileClientDeleteButton"
          >
            <input
              className="delete-button"
              onClick={[Function]}
              type="button"
              value="Удалить"
            />
          </td>
        </tr>
        <tr
          className="MobileClient"
        >
          <td
            className="MobileClientBalance"
          >
            Григорьев
          </td>
          <td
            className="MobileClientFIO"
          >
            Григорий
          </td>
          <td
            className="MobileClientBalance"
          >
            Григорьевич
          </td>
          <td
            className="MobileClientFIO"
          >
            -220
          </td>
          <td
            className="MobileClientStatusblocked"
          >
            blocked
          </td>
          <td
            className="MobileClientEditButton"
          >
            <input
              className="edit-button"
              disabled={undefined}
              onClick={[Function]}
              type="button"
              value="Редактировать"
            />
          </td>
          <td
            className="MobileClientDeleteButton"
          >
            <input
              className="delete-button"
              onClick={[Function]}
              type="button"
              value="Удалить"
            />
          </td>
        </tr>
      </tbody>
    </table>
  </div>
  <div
    className="mobileCompanyAddClient"
  >
    <input
      className="addClient"
      onClick={[Function]}
      type="button"
      value="Добавить клиента"
    />
  </div>
</div>
`;

exports[`работа кнопки "Все" 2`] = `
<div
  className="MobileCompany"
>
  <div
    className="MobileCompanySwitch"
  >
    <div
      className="MobileCompanyName"
    >
      Компания: «
      Velcom
      »
    </div>
  </div>
  <div
    className="MobileCompanyFilter"
  >
    <input
      className="show-all"
      onClick={[Function]}
      type="button"
      value="Все"
    />
    <input
      className="show-active"
      onClick={[Function]}
      type="button"
      value="Активные"
    />
    <input
      className="show-blocked"
      onClick={[Function]}
      type="button"
      value="Заблокированные"
    />
  </div>
  <div
    className="MobileCompanyClients"
  >
    <table
      className="MobileCompanyClientsTable"
    >
      <thead
        className="Table-header"
      >
        <tr>
          <th>
            Фамилия
          </th>
          <th>
            Имя
          </th>
          <th>
            Отчество
          </th>
          <th>
            Баланс
          </th>
          <th>
            Статус
          </th>
          <th>
            Редактировать
          </th>
          <th>
            Удалить
          </th>
        </tr>
      </thead>
      <tbody>
        <tr
          className="MobileClient"
        >
          <td
            className="MobileClientBalance"
          >
            Иванов
          </td>
          <td
            className="MobileClientFIO"
          >
            Иван
          </td>
          <td
            className="MobileClientBalance"
          >
            Иванович
          </td>
          <td
            className="MobileClientFIO"
          >
            200
          </td>
          <td
            className="MobileClientStatusactive"
          >
            active
          </td>
          <td
            className="MobileClientEditButton"
          >
            <input
              className="edit-button"
              disabled={undefined}
              onClick={[Function]}
              type="button"
              value="Редактировать"
            />
          </td>
          <td
            className="MobileClientDeleteButton"
          >
            <input
              className="delete-button"
              onClick={[Function]}
              type="button"
              value="Удалить"
            />
          </td>
        </tr>
        <tr
          className="MobileClient"
        >
          <td
            className="MobileClientBalance"
          >
            Сидоров
          </td>
          <td
            className="MobileClientFIO"
          >
            Сидор
          </td>
          <td
            className="MobileClientBalance"
          >
            Сидорович
          </td>
          <td
            className="MobileClientFIO"
          >
            250
          </td>
          <td
            className="MobileClientStatusactive"
          >
            active
          </td>
          <td
            className="MobileClientEditButton"
          >
            <input
              className="edit-button"
              disabled={undefined}
              onClick={[Function]}
              type="button"
              value="Редактировать"
            />
          </td>
          <td
            className="MobileClientDeleteButton"
          >
            <input
              className="delete-button"
              onClick={[Function]}
              type="button"
              value="Удалить"
            />
          </td>
        </tr>
        <tr
          className="MobileClient"
        >
          <td
            className="MobileClientBalance"
          >
            Петров
          </td>
          <td
            className="MobileClientFIO"
          >
            Петр
          </td>
          <td
            className="MobileClientBalance"
          >
            Петрович
          </td>
          <td
            className="MobileClientFIO"
          >
            180
          </td>
          <td
            className="MobileClientStatusactive"
          >
            active
          </td>
          <td
            className="MobileClientEditButton"
          >
            <input
              className="edit-button"
              disabled={undefined}
              onClick={[Function]}
              type="button"
              value="Редактировать"
            />
          </td>
          <td
            className="MobileClientDeleteButton"
          >
            <input
              className="delete-button"
              onClick={[Function]}
              type="button"
              value="Удалить"
            />
          </td>
        </tr>
        <tr
          className="MobileClient"
        >
          <td
            className="MobileClientBalance"
          >
            Григорьев
          </td>
          <td
            className="MobileClientFIO"
          >
            Григорий
          </td>
          <td
            className="MobileClientBalance"
          >
            Григорьевич
          </td>
          <td
            className="MobileClientFIO"
          >
            -220
          </td>
          <td
            className="MobileClientStatusblocked"
          >
            blocked
          </td>
          <td
            className="MobileClientEditButton"
          >
            <input
              className="edit-button"
              disabled={undefined}
              onClick={[Function]}
              type="button"
              value="Редактировать"
            />
          </td>
          <td
            className="MobileClientDeleteButton"
          >
            <input
              className="delete-button"
              onClick={[Function]}
              type="button"
              value="Удалить"
            />
          </td>
        </tr>
      </tbody>
    </table>
  </div>
  <div
    className="mobileCompanyAddClient"
  >
    <input
      className="addClient"
      onClick={[Function]}
      type="button"
      value="Добавить клиента"
    />
  </div>
</div>
`;

exports[`работа кнопки "Все" 3`] = `
<div
  className="MobileCompany"
>
  <div
    className="MobileCompanySwitch"
  >
    <div
      className="MobileCompanyName"
    >
      Компания: «
      Velcom
      »
    </div>
  </div>
  <div
    className="MobileCompanyFilter"
  >
    <input
      className="show-all"
      onClick={[Function]}
      type="button"
      value="Все"
    />
    <input
      className="show-active"
      onClick={[Function]}
      type="button"
      value="Активные"
    />
    <input
      className="show-blocked"
      onClick={[Function]}
      type="button"
      value="Заблокированные"
    />
  </div>
  <div
    className="MobileCompanyClients"
  >
    <table
      className="MobileCompanyClientsTable"
    >
      <thead
        className="Table-header"
      >
        <tr>
          <th>
            Фамилия
          </th>
          <th>
            Имя
          </th>
          <th>
            Отчество
          </th>
          <th>
            Баланс
          </th>
          <th>
            Статус
          </th>
          <th>
            Редактировать
          </th>
          <th>
            Удалить
          </th>
        </tr>
      </thead>
      <tbody>
        <tr
          className="MobileClient"
        >
          <td
            className="MobileClientBalance"
          >
            Иванов
          </td>
          <td
            className="MobileClientFIO"
          >
            Иван
          </td>
          <td
            className="MobileClientBalance"
          >
            Иванович
          </td>
          <td
            className="MobileClientFIO"
          >
            200
          </td>
          <td
            className="MobileClientStatusactive"
          >
            active
          </td>
          <td
            className="MobileClientEditButton"
          >
            <input
              className="edit-button"
              disabled={undefined}
              onClick={[Function]}
              type="button"
              value="Редактировать"
            />
          </td>
          <td
            className="MobileClientDeleteButton"
          >
            <input
              className="delete-button"
              onClick={[Function]}
              type="button"
              value="Удалить"
            />
          </td>
        </tr>
        <tr
          className="MobileClient"
        >
          <td
            className="MobileClientBalance"
          >
            Сидоров
          </td>
          <td
            className="MobileClientFIO"
          >
            Сидор
          </td>
          <td
            className="MobileClientBalance"
          >
            Сидорович
          </td>
          <td
            className="MobileClientFIO"
          >
            250
          </td>
          <td
            className="MobileClientStatusactive"
          >
            active
          </td>
          <td
            className="MobileClientEditButton"
          >
            <input
              className="edit-button"
              disabled={undefined}
              onClick={[Function]}
              type="button"
              value="Редактировать"
            />
          </td>
          <td
            className="MobileClientDeleteButton"
          >
            <input
              className="delete-button"
              onClick={[Function]}
              type="button"
              value="Удалить"
            />
          </td>
        </tr>
        <tr
          className="MobileClient"
        >
          <td
            className="MobileClientBalance"
          >
            Петров
          </td>
          <td
            className="MobileClientFIO"
          >
            Петр
          </td>
          <td
            className="MobileClientBalance"
          >
            Петрович
          </td>
          <td
            className="MobileClientFIO"
          >
            180
          </td>
          <td
            className="MobileClientStatusactive"
          >
            active
          </td>
          <td
            className="MobileClientEditButton"
          >
            <input
              className="edit-button"
              disabled={undefined}
              onClick={[Function]}
              type="button"
              value="Редактировать"
            />
          </td>
          <td
            className="MobileClientDeleteButton"
          >
            <input
              className="delete-button"
              onClick={[Function]}
              type="button"
              value="Удалить"
            />
          </td>
        </tr>
        <tr
          className="MobileClient"
        >
          <td
            className="MobileClientBalance"
          >
            Григорьев
          </td>
          <td
            className="MobileClientFIO"
          >
            Григорий
          </td>
          <td
            className="MobileClientBalance"
          >
            Григорьевич
          </td>
          <td
            className="MobileClientFIO"
          >
            -220
          </td>
          <td
            className="MobileClientStatusblocked"
          >
            blocked
          </td>
          <td
            className="MobileClientEditButton"
          >
            <input
              className="edit-button"
              disabled={undefined}
              onClick={[Function]}
              type="button"
              value="Редактировать"
            />
          </td>
          <td
            className="MobileClientDeleteButton"
          >
            <input
              className="delete-button"
              onClick={[Function]}
              type="button"
              value="Удалить"
            />
          </td>
        </tr>
      </tbody>
    </table>
  </div>
  <div
    className="mobileCompanyAddClient"
  >
    <input
      className="addClient"
      onClick={[Function]}
      type="button"
      value="Добавить клиента"
    />
  </div>
</div>
`;

exports[`работа кнопки "Добавить клиента" 1`] = `
<div
  className="MobileCompany"
>
  <div
    className="MobileCompanySwitch"
  >
    <div
      className="MobileCompanyName"
    >
      Компания: «
      Velcom
      »
    </div>
  </div>
  <div
    className="MobileCompanyFilter"
  >
    <input
      className="show-all"
      onClick={[Function]}
      type="button"
      value="Все"
    />
    <input
      className="show-active"
      onClick={[Function]}
      type="button"
      value="Активные"
    />
    <input
      className="show-blocked"
      onClick={[Function]}
      type="button"
      value="Заблокированные"
    />
  </div>
  <div
    className="MobileCompanyClients"
  >
    <table
      className="MobileCompanyClientsTable"
    >
      <thead
        className="Table-header"
      >
        <tr>
          <th>
            Фамилия
          </th>
          <th>
            Имя
          </th>
          <th>
            Отчество
          </th>
          <th>
            Баланс
          </th>
          <th>
            Статус
          </th>
          <th>
            Редактировать
          </th>
          <th>
            Удалить
          </th>
        </tr>
      </thead>
      <tbody>
        <tr
          className="MobileClient"
        >
          <td
            className="MobileClientBalance"
          >
            Иванов
          </td>
          <td
            className="MobileClientFIO"
          >
            Иван
          </td>
          <td
            className="MobileClientBalance"
          >
            Иванович
          </td>
          <td
            className="MobileClientFIO"
          >
            200
          </td>
          <td
            className="MobileClientStatusactive"
          >
            active
          </td>
          <td
            className="MobileClientEditButton"
          >
            <input
              className="edit-button"
              disabled={undefined}
              onClick={[Function]}
              type="button"
              value="Редактировать"
            />
          </td>
          <td
            className="MobileClientDeleteButton"
          >
            <input
              className="delete-button"
              onClick={[Function]}
              type="button"
              value="Удалить"
            />
          </td>
        </tr>
        <tr
          className="MobileClient"
        >
          <td
            className="MobileClientBalance"
          >
            Сидоров
          </td>
          <td
            className="MobileClientFIO"
          >
            Сидор
          </td>
          <td
            className="MobileClientBalance"
          >
            Сидорович
          </td>
          <td
            className="MobileClientFIO"
          >
            250
          </td>
          <td
            className="MobileClientStatusactive"
          >
            active
          </td>
          <td
            className="MobileClientEditButton"
          >
            <input
              className="edit-button"
              disabled={undefined}
              onClick={[Function]}
              type="button"
              value="Редактировать"
            />
          </td>
          <td
            className="MobileClientDeleteButton"
          >
            <input
              className="delete-button"
              onClick={[Function]}
              type="button"
              value="Удалить"
            />
          </td>
        </tr>
        <tr
          className="MobileClient"
        >
          <td
            className="MobileClientBalance"
          >
            Петров
          </td>
          <td
            className="MobileClientFIO"
          >
            Петр
          </td>
          <td
            className="MobileClientBalance"
          >
            Петрович
          </td>
          <td
            className="MobileClientFIO"
          >
            180
          </td>
          <td
            className="MobileClientStatusactive"
          >
            active
          </td>
          <td
            className="MobileClientEditButton"
          >
            <input
              className="edit-button"
              disabled={undefined}
              onClick={[Function]}
              type="button"
              value="Редактировать"
            />
          </td>
          <td
            className="MobileClientDeleteButton"
          >
            <input
              className="delete-button"
              onClick={[Function]}
              type="button"
              value="Удалить"
            />
          </td>
        </tr>
        <tr
          className="MobileClient"
        >
          <td
            className="MobileClientBalance"
          >
            Григорьев
          </td>
          <td
            className="MobileClientFIO"
          >
            Григорий
          </td>
          <td
            className="MobileClientBalance"
          >
            Григорьевич
          </td>
          <td
            className="MobileClientFIO"
          >
            -220
          </td>
          <td
            className="MobileClientStatusblocked"
          >
            blocked
          </td>
          <td
            className="MobileClientEditButton"
          >
            <input
              className="edit-button"
              disabled={undefined}
              onClick={[Function]}
              type="button"
              value="Редактировать"
            />
          </td>
          <td
            className="MobileClientDeleteButton"
          >
            <input
              className="delete-button"
              onClick={[Function]}
              type="button"
              value="Удалить"
            />
          </td>
        </tr>
      </tbody>
    </table>
  </div>
  <div
    className="mobileCompanyAddClient"
  >
    <input
      className="addClient"
      onClick={[Function]}
      type="button"
      value="Добавить клиента"
    />
  </div>
</div>
`;

exports[`работа кнопки "Добавить клиента" 2`] = `
<div
  className="MobileCompany"
>
  <div
    className="MobileCompanySwitch"
  >
    <div
      className="MobileCompanyName"
    >
      Компания: «
      Velcom
      »
    </div>
  </div>
  <div
    className="MobileCompanyFilter"
  >
    <input
      className="show-all"
      onClick={[Function]}
      type="button"
      value="Все"
    />
    <input
      className="show-active"
      onClick={[Function]}
      type="button"
      value="Активные"
    />
    <input
      className="show-blocked"
      onClick={[Function]}
      type="button"
      value="Заблокированные"
    />
  </div>
  <div
    className="MobileCompanyClients"
  >
    <table
      className="MobileCompanyClientsTable"
    >
      <thead
        className="Table-header"
      >
        <tr>
          <th>
            Фамилия
          </th>
          <th>
            Имя
          </th>
          <th>
            Отчество
          </th>
          <th>
            Баланс
          </th>
          <th>
            Статус
          </th>
          <th>
            Редактировать
          </th>
          <th>
            Удалить
          </th>
        </tr>
      </thead>
      <tbody>
        <tr
          className="MobileClient"
        >
          <td
            className="MobileClientBalance"
          >
            Иванов
          </td>
          <td
            className="MobileClientFIO"
          >
            Иван
          </td>
          <td
            className="MobileClientBalance"
          >
            Иванович
          </td>
          <td
            className="MobileClientFIO"
          >
            200
          </td>
          <td
            className="MobileClientStatusactive"
          >
            active
          </td>
          <td
            className="MobileClientEditButton"
          >
            <input
              className="edit-button"
              disabled={undefined}
              onClick={[Function]}
              type="button"
              value="Редактировать"
            />
          </td>
          <td
            className="MobileClientDeleteButton"
          >
            <input
              className="delete-button"
              onClick={[Function]}
              type="button"
              value="Удалить"
            />
          </td>
        </tr>
        <tr
          className="MobileClient"
        >
          <td
            className="MobileClientBalance"
          >
            Сидоров
          </td>
          <td
            className="MobileClientFIO"
          >
            Сидор
          </td>
          <td
            className="MobileClientBalance"
          >
            Сидорович
          </td>
          <td
            className="MobileClientFIO"
          >
            250
          </td>
          <td
            className="MobileClientStatusactive"
          >
            active
          </td>
          <td
            className="MobileClientEditButton"
          >
            <input
              className="edit-button"
              disabled={undefined}
              onClick={[Function]}
              type="button"
              value="Редактировать"
            />
          </td>
          <td
            className="MobileClientDeleteButton"
          >
            <input
              className="delete-button"
              onClick={[Function]}
              type="button"
              value="Удалить"
            />
          </td>
        </tr>
        <tr
          className="MobileClient"
        >
          <td
            className="MobileClientBalance"
          >
            Петров
          </td>
          <td
            className="MobileClientFIO"
          >
            Петр
          </td>
          <td
            className="MobileClientBalance"
          >
            Петрович
          </td>
          <td
            className="MobileClientFIO"
          >
            180
          </td>
          <td
            className="MobileClientStatusactive"
          >
            active
          </td>
          <td
            className="MobileClientEditButton"
          >
            <input
              className="edit-button"
              disabled={undefined}
              onClick={[Function]}
              type="button"
              value="Редактировать"
            />
          </td>
          <td
            className="MobileClientDeleteButton"
          >
            <input
              className="delete-button"
              onClick={[Function]}
              type="button"
              value="Удалить"
            />
          </td>
        </tr>
        <tr
          className="MobileClient"
        >
          <td
            className="MobileClientBalance"
          >
            Григорьев
          </td>
          <td
            className="MobileClientFIO"
          >
            Григорий
          </td>
          <td
            className="MobileClientBalance"
          >
            Григорьевич
          </td>
          <td
            className="MobileClientFIO"
          >
            -220
          </td>
          <td
            className="MobileClientStatusblocked"
          >
            blocked
          </td>
          <td
            className="MobileClientEditButton"
          >
            <input
              className="edit-button"
              disabled={undefined}
              onClick={[Function]}
              type="button"
              value="Редактировать"
            />
          </td>
          <td
            className="MobileClientDeleteButton"
          >
            <input
              className="delete-button"
              onClick={[Function]}
              type="button"
              value="Удалить"
            />
          </td>
        </tr>
      </tbody>
    </table>
  </div>
  <div
    className="mobileCompanyAddClient"
  />
  <div
    className="client-form"
  >
    <h3
      className="form-header"
    >
      Добавление нового клиента
    </h3>
      
    <div
      className="product-surname"
    >
      <span>
        Фамимлия
      </span>
      <input
        className="input-text"
        defaultValue=""
        name="input-surname"
        type="text"
      />
    </div>
    <div
      className="product-name"
    >
      <span>
        Имя
      </span>
      <input
        className="input-text"
        defaultValue=""
        name="input-name"
        type="text"
      />
    </div>
    <div
      className="product-fathersName"
    >
      <span>
        Отчество
      </span>
      <input
        className="input-text"
        defaultValue=""
        name="input-fathersName"
        type="text"
      />
    </div>
    <div
      className="product-balance"
    >
      <span>
        Баланс
      </span>
      <input
        className="input-text"
        defaultValue=""
        name="input-balance"
        type="text"
      />
    </div>
    <div
      className="form-controls"
    >
      <input
        className="save-button"
        onClick={[Function]}
        type="button"
        value="Сохранить"
      />
      <input
        className="cancel-button"
        onClick={[Function]}
        type="button"
        value="Отмена"
      />
    </div>
  </div>
</div>
`;

exports[`работа кнопки "Заблокированные" 1`] = `
<div
  className="MobileCompany"
>
  <div
    className="MobileCompanySwitch"
  >
    <div
      className="MobileCompanyName"
    >
      Компания: «
      Velcom
      »
    </div>
  </div>
  <div
    className="MobileCompanyFilter"
  >
    <input
      className="show-all"
      onClick={[Function]}
      type="button"
      value="Все"
    />
    <input
      className="show-active"
      onClick={[Function]}
      type="button"
      value="Активные"
    />
    <input
      className="show-blocked"
      onClick={[Function]}
      type="button"
      value="Заблокированные"
    />
  </div>
  <div
    className="MobileCompanyClients"
  >
    <table
      className="MobileCompanyClientsTable"
    >
      <thead
        className="Table-header"
      >
        <tr>
          <th>
            Фамилия
          </th>
          <th>
            Имя
          </th>
          <th>
            Отчество
          </th>
          <th>
            Баланс
          </th>
          <th>
            Статус
          </th>
          <th>
            Редактировать
          </th>
          <th>
            Удалить
          </th>
        </tr>
      </thead>
      <tbody>
        <tr
          className="MobileClient"
        >
          <td
            className="MobileClientBalance"
          >
            Иванов
          </td>
          <td
            className="MobileClientFIO"
          >
            Иван
          </td>
          <td
            className="MobileClientBalance"
          >
            Иванович
          </td>
          <td
            className="MobileClientFIO"
          >
            200
          </td>
          <td
            className="MobileClientStatusactive"
          >
            active
          </td>
          <td
            className="MobileClientEditButton"
          >
            <input
              className="edit-button"
              disabled={undefined}
              onClick={[Function]}
              type="button"
              value="Редактировать"
            />
          </td>
          <td
            className="MobileClientDeleteButton"
          >
            <input
              className="delete-button"
              onClick={[Function]}
              type="button"
              value="Удалить"
            />
          </td>
        </tr>
        <tr
          className="MobileClient"
        >
          <td
            className="MobileClientBalance"
          >
            Сидоров
          </td>
          <td
            className="MobileClientFIO"
          >
            Сидор
          </td>
          <td
            className="MobileClientBalance"
          >
            Сидорович
          </td>
          <td
            className="MobileClientFIO"
          >
            250
          </td>
          <td
            className="MobileClientStatusactive"
          >
            active
          </td>
          <td
            className="MobileClientEditButton"
          >
            <input
              className="edit-button"
              disabled={undefined}
              onClick={[Function]}
              type="button"
              value="Редактировать"
            />
          </td>
          <td
            className="MobileClientDeleteButton"
          >
            <input
              className="delete-button"
              onClick={[Function]}
              type="button"
              value="Удалить"
            />
          </td>
        </tr>
        <tr
          className="MobileClient"
        >
          <td
            className="MobileClientBalance"
          >
            Петров
          </td>
          <td
            className="MobileClientFIO"
          >
            Петр
          </td>
          <td
            className="MobileClientBalance"
          >
            Петрович
          </td>
          <td
            className="MobileClientFIO"
          >
            180
          </td>
          <td
            className="MobileClientStatusactive"
          >
            active
          </td>
          <td
            className="MobileClientEditButton"
          >
            <input
              className="edit-button"
              disabled={undefined}
              onClick={[Function]}
              type="button"
              value="Редактировать"
            />
          </td>
          <td
            className="MobileClientDeleteButton"
          >
            <input
              className="delete-button"
              onClick={[Function]}
              type="button"
              value="Удалить"
            />
          </td>
        </tr>
        <tr
          className="MobileClient"
        >
          <td
            className="MobileClientBalance"
          >
            Григорьев
          </td>
          <td
            className="MobileClientFIO"
          >
            Григорий
          </td>
          <td
            className="MobileClientBalance"
          >
            Григорьевич
          </td>
          <td
            className="MobileClientFIO"
          >
            -220
          </td>
          <td
            className="MobileClientStatusblocked"
          >
            blocked
          </td>
          <td
            className="MobileClientEditButton"
          >
            <input
              className="edit-button"
              disabled={undefined}
              onClick={[Function]}
              type="button"
              value="Редактировать"
            />
          </td>
          <td
            className="MobileClientDeleteButton"
          >
            <input
              className="delete-button"
              onClick={[Function]}
              type="button"
              value="Удалить"
            />
          </td>
        </tr>
      </tbody>
    </table>
  </div>
  <div
    className="mobileCompanyAddClient"
  >
    <input
      className="addClient"
      onClick={[Function]}
      type="button"
      value="Добавить клиента"
    />
  </div>
</div>
`;

exports[`работа кнопки "Заблокированные" 2`] = `
<div
  className="MobileCompany"
>
  <div
    className="MobileCompanySwitch"
  >
    <div
      className="MobileCompanyName"
    >
      Компания: «
      Velcom
      »
    </div>
  </div>
  <div
    className="MobileCompanyFilter"
  >
    <input
      className="show-all"
      onClick={[Function]}
      type="button"
      value="Все"
    />
    <input
      className="show-active"
      onClick={[Function]}
      type="button"
      value="Активные"
    />
    <input
      className="show-blocked"
      onClick={[Function]}
      type="button"
      value="Заблокированные"
    />
  </div>
  <div
    className="MobileCompanyClients"
  >
    <table
      className="MobileCompanyClientsTable"
    >
      <thead
        className="Table-header"
      >
        <tr>
          <th>
            Фамилия
          </th>
          <th>
            Имя
          </th>
          <th>
            Отчество
          </th>
          <th>
            Баланс
          </th>
          <th>
            Статус
          </th>
          <th>
            Редактировать
          </th>
          <th>
            Удалить
          </th>
        </tr>
      </thead>
      <tbody>
        <tr
          className="MobileClient"
        >
          <td
            className="MobileClientBalance"
          >
            Григорьев
          </td>
          <td
            className="MobileClientFIO"
          >
            Григорий
          </td>
          <td
            className="MobileClientBalance"
          >
            Григорьевич
          </td>
          <td
            className="MobileClientFIO"
          >
            -220
          </td>
          <td
            className="MobileClientStatusblocked"
          >
            blocked
          </td>
          <td
            className="MobileClientEditButton"
          >
            <input
              className="edit-button"
              disabled={undefined}
              onClick={[Function]}
              type="button"
              value="Редактировать"
            />
          </td>
          <td
            className="MobileClientDeleteButton"
          >
            <input
              className="delete-button"
              onClick={[Function]}
              type="button"
              value="Удалить"
            />
          </td>
        </tr>
      </tbody>
    </table>
  </div>
  <div
    className="mobileCompanyAddClient"
  >
    <input
      className="addClient"
      onClick={[Function]}
      type="button"
      value="Добавить клиента"
    />
  </div>
</div>
`;

exports[`работа кнопки "Заблокированные" 3`] = `
<div
  className="MobileCompany"
>
  <div
    className="MobileCompanySwitch"
  >
    <div
      className="MobileCompanyName"
    >
      Компания: «
      Velcom
      »
    </div>
  </div>
  <div
    className="MobileCompanyFilter"
  >
    <input
      className="show-all"
      onClick={[Function]}
      type="button"
      value="Все"
    />
    <input
      className="show-active"
      onClick={[Function]}
      type="button"
      value="Активные"
    />
    <input
      className="show-blocked"
      onClick={[Function]}
      type="button"
      value="Заблокированные"
    />
  </div>
  <div
    className="MobileCompanyClients"
  >
    <table
      className="MobileCompanyClientsTable"
    >
      <thead
        className="Table-header"
      >
        <tr>
          <th>
            Фамилия
          </th>
          <th>
            Имя
          </th>
          <th>
            Отчество
          </th>
          <th>
            Баланс
          </th>
          <th>
            Статус
          </th>
          <th>
            Редактировать
          </th>
          <th>
            Удалить
          </th>
        </tr>
      </thead>
      <tbody>
        <tr
          className="MobileClient"
        >
          <td
            className="MobileClientBalance"
          >
            Григорьев
          </td>
          <td
            className="MobileClientFIO"
          >
            Григорий
          </td>
          <td
            className="MobileClientBalance"
          >
            Григорьевич
          </td>
          <td
            className="MobileClientFIO"
          >
            -220
          </td>
          <td
            className="MobileClientStatusblocked"
          >
            blocked
          </td>
          <td
            className="MobileClientEditButton"
          >
            <input
              className="edit-button"
              disabled={undefined}
              onClick={[Function]}
              type="button"
              value="Редактировать"
            />
          </td>
          <td
            className="MobileClientDeleteButton"
          >
            <input
              className="delete-button"
              onClick={[Function]}
              type="button"
              value="Удалить"
            />
          </td>
        </tr>
      </tbody>
    </table>
  </div>
  <div
    className="mobileCompanyAddClient"
  >
    <input
      className="addClient"
      onClick={[Function]}
      type="button"
      value="Добавить клиента"
    />
  </div>
</div>
`;
